// Jest Snapshot v1, https://goo.gl/fbAQLP

exports[`Authentication Page should render without crashing 1`] = `
<div>
  Hello Authentication!
</div>
`;
