// Jest Snapshot v1, https://goo.gl/fbAQLP

exports[`Registration Page should render without crashing 1`] = `
<div>
  Hello Registration!
</div>
`;
